// Jest Snapshot v1, https://goo.gl/fbAQLP

exports[`renders RepeatButton correctly 1`] = `
<DocumentFragment>
  <button
    class="repeat_button"
    currentitem="false"
    data-for="repeat"
    data-tip=""
  >
    <svg
      class="'svg_repeat' svg_repeat"
      viewBox="0 0 12 12"
    >
      <path
        d="M8.667 9.214H8V10.5L5.333 8.571V8.25c0-.178.149-.321.334-.321h3c1.104 0 2-.864 2-1.929 0-1.066-.896-1.929-2-1.929h-.334A.327.327 0 0 1 8 3.75v-.643c0-.178.148-.321.333-.321h.334C10.507 2.786 12 4.225 12 6s-1.493 3.214-3.333 3.214zM6.333 4.071h-3c-1.105 0-2 .863-2 1.929 0 1.065.895 1.929 2 1.929h.334c.183 0 .333.143.333.321v.643c0 .177-.15.321-.333.321h-.334C1.493 9.214 0 7.775 0 6s1.493-3.214 3.333-3.214H4V1.5l2.667 1.929v.321c0 .177-.15.321-.334.321z"
      />
    </svg>
  </button>
  <div
    class="__react_component_tooltip t75d0c2e9-9e72-4419-964b-b8fd2f581b91 place-top type-dark"
    data-id="tooltip"
    id="repeat"
  >
    <style>
      
  	.t75d0c2e9-9e72-4419-964b-b8fd2f581b91 {
	    color: #fff;
	    background: #222;
	    border: 1px solid transparent;
  	}

  	.t75d0c2e9-9e72-4419-964b-b8fd2f581b91.place-top {
        margin-top: -10px;
    }
    .t75d0c2e9-9e72-4419-964b-b8fd2f581b91.place-top::before {
        border-top: 8px solid transparent;
    }
    .t75d0c2e9-9e72-4419-964b-b8fd2f581b91.place-top::after {
        border-left: 8px solid transparent;
        border-right: 8px solid transparent;
        bottom: -6px;
        left: 50%;
        margin-left: -8px;
        border-top-color: #222;
        border-top-style: solid;
        border-top-width: 6px;
    }

    .t75d0c2e9-9e72-4419-964b-b8fd2f581b91.place-bottom {
        margin-top: 10px;
    }
    .t75d0c2e9-9e72-4419-964b-b8fd2f581b91.place-bottom::before {
        border-bottom: 8px solid transparent;
    }
    .t75d0c2e9-9e72-4419-964b-b8fd2f581b91.place-bottom::after {
        border-left: 8px solid transparent;
        border-right: 8px solid transparent;
        top: -6px;
        left: 50%;
        margin-left: -8px;
        border-bottom-color: #222;
        border-bottom-style: solid;
        border-bottom-width: 6px;
    }

    .t75d0c2e9-9e72-4419-964b-b8fd2f581b91.place-left {
        margin-left: -10px;
    }
    .t75d0c2e9-9e72-4419-964b-b8fd2f581b91.place-left::before {
        border-left: 8px solid transparent;
    }
    .t75d0c2e9-9e72-4419-964b-b8fd2f581b91.place-left::after {
        border-top: 5px solid transparent;
        border-bottom: 5px solid transparent;
        right: -6px;
        top: 50%;
        margin-top: -4px;
        border-left-color: #222;
        border-left-style: solid;
        border-left-width: 6px;
    }

    .t75d0c2e9-9e72-4419-964b-b8fd2f581b91.place-right {
        margin-left: 10px;
    }
    .t75d0c2e9-9e72-4419-964b-b8fd2f581b91.place-right::before {
        border-right: 8px solid transparent;
    }
    .t75d0c2e9-9e72-4419-964b-b8fd2f581b91.place-right::after {
        border-top: 5px solid transparent;
        border-bottom: 5px solid transparent;
        left: -6px;
        top: 50%;
        margin-top: -4px;
        border-right-color: #222;
        border-right-style: solid;
        border-right-width: 6px;
    }
  
    </style>
    <span
      class="repeat_tooltip"
    >
      Repeat all track in list
    </span>
  </div>
</DocumentFragment>
`;
